// Jest Snapshot v1, https://goo.gl/fbAQLP

exports[`matches snapshot 1`] = `
<DocumentFragment>
  <div
    class="MainColorPage"
  >
    <div
      class="MainColorPage-header"
    >
      <h1>
        Welcome to the Color Factory!
      </h1>
      <h3>
        <a
          href="/colors/new"
        >
          Add a color
        </a>
      </h3>
    </div>
    <div
      class="MainColorPage-body"
    >
      <p>
        Please select a color
      </p>
      <small>
        You haven't picked any colors yet. Please click 
        <a
          href="/colors/new"
        >
          here
        </a>
         to add colors!
      </small>
    </div>
  </div>
</DocumentFragment>
`;
